// Jest Snapshot v1, https://goo.gl/fbAQLP

exports[`renders 1`] = `
<View
  style={
    Object {
      "flex": 1,
      "justifyContent": "center",
      "margin": 8,
    }
  }
>
  <Image
    source={
      Object {
        "uri": "https://placeimg.com/125/125/tech",
      }
    }
    style={
      Object {
        "alignSelf": "center",
        "height": 125,
        "width": 125,
      }
    }
  />
  <RCTSwitch
    accessibilityRole="switch"
    onChange={[Function]}
    onResponderTerminationRequest={[Function]}
    onStartShouldSetResponder={[Function]}
    style={
      Object {
        "height": 31,
        "width": 51,
      }
    }
    value={false}
  />
  <Text
    style={
      Object {
        "fontSize": 16,
        "padding": 4,
      }
    }
  >
    Caption is David
  </Text>
  <Text
    style={
      Object {
        "fontSize": 16,
        "padding": 4,
      }
    }
  >
    Image is https://placeimg.com/125/125/tech
  </Text>
  <View
    style={
      Object {
        "alignItems": "center",
        "flexDirection": "row",
      }
    }
  >
    <Text
      style={
        Object {
          "fontSize": 16,
          "padding": 4,
        }
      }
    >
      ThumbnailSelector is closed
    </Text>
  </View>
  <View
    collapsable={false}
    onLayout={[Function]}
    style={
      Object {
        "elevation": 1,
        "left": 0,
        "position": "absolute",
        "right": 0,
        "top": 0,
        "transform": Array [
          Object {
            "translateY": 1334,
          },
        ],
        "zIndex": 1,
      }
    }
  >
    <RCTScrollView
      data={
        Array [
          Object {
            "caption": "David",
            "image": "https://placeimg.com/125/125/tech",
          },
          Object {
            "caption": "Brian",
            "image": "https://reactjs.org/logo-og.png",
          },
          Object {
            "caption": "Gene",
            "image": "https://placeimg.com/125/125/arch",
          },
          Object {
            "caption": "Jose",
            "image": "https://reactjs.org/logo-og.png",
          },
          Object {
            "caption": "Jon",
            "image": "https://placeimg.com/125/125/animals",
          },
          Object {
            "caption": "Craig",
            "image": "https://reactjs.org/logo-og.png",
          },
          Object {
            "caption": "Sean",
            "image": "https://placeimg.com/125/125/people",
          },
        ]
      }
      extraData={0}
      getItem={[Function]}
      getItemCount={[Function]}
      horizontal={true}
      initialNumToRender={7}
      keyExtractor={[Function]}
      onContentSizeChange={[Function]}
      onLayout={[Function]}
      onMomentumScrollBegin={[Function]}
      onMomentumScrollEnd={[Function]}
      onScroll={[Function]}
      onScrollBeginDrag={[Function]}
      onScrollEndDrag={[Function]}
      removeClippedSubviews={false}
      renderItem={[Function]}
      scrollEventThrottle={50}
      stickyHeaderIndices={Array []}
      viewabilityConfigCallbackPairs={Array []}
    >
      <View>
        <View
          onLayout={[Function]}
          style={
            Array [
              Object {
                "flexDirection": "row",
              },
              null,
            ]
          }
        >
          <View
            accessible={true}
            collapsable={false}
            focusable={true}
            onClick={[Function]}
            onResponderGrant={[Function]}
            onResponderMove={[Function]}
            onResponderRelease={[Function]}
            onResponderTerminate={[Function]}
            onResponderTerminationRequest={[Function]}
            onStartShouldSetResponder={[Function]}
            style={
              Object {
                "flexDirection": "column",
                "opacity": 1,
                "padding": 8,
              }
            }
          >
            <Image
              source={
                Object {
                  "uri": "https://placeimg.com/125/125/tech",
                }
              }
              style={
                Object {
                  "borderColor": "black",
                  "borderWidth": 2,
                  "height": 125,
                  "opacity": 1,
                  "width": 125,
                }
              }
            />
            <Text
              style={
                Object {
                  "fontSize": 16,
                  "textAlign": "center",
                }
              }
            >
              David
            </Text>
          </View>
        </View>
        <View
          onLayout={[Function]}
          style={
            Array [
              Object {
                "flexDirection": "row",
              },
              null,
            ]
          }
        >
          <View
            accessible={true}
            collapsable={false}
            focusable={true}
            onClick={[Function]}
            onResponderGrant={[Function]}
            onResponderMove={[Function]}
            onResponderRelease={[Function]}
            onResponderTerminate={[Function]}
            onResponderTerminationRequest={[Function]}
            onStartShouldSetResponder={[Function]}
            style={
              Object {
                "flexDirection": "column",
                "opacity": 1,
                "padding": 8,
              }
            }
          >
            <Image
              source={
                Object {
                  "uri": "https://reactjs.org/logo-og.png",
                }
              }
              style={
                Object {
                  "borderColor": "transparent",
                  "borderWidth": 2,
                  "height": 125,
                  "opacity": 0.5,
                  "width": 125,
                }
              }
            />
            <Text
              style={
                Object {
                  "fontSize": 16,
                  "textAlign": "center",
                }
              }
            >
              Brian
            </Text>
          </View>
        </View>
        <View
          onLayout={[Function]}
          style={
            Array [
              Object {
                "flexDirection": "row",
              },
              null,
            ]
          }
        >
          <View
            accessible={true}
            collapsable={false}
            focusable={true}
            onClick={[Function]}
            onResponderGrant={[Function]}
            onResponderMove={[Function]}
            onResponderRelease={[Function]}
            onResponderTerminate={[Function]}
            onResponderTerminationRequest={[Function]}
            onStartShouldSetResponder={[Function]}
            style={
              Object {
                "flexDirection": "column",
                "opacity": 1,
                "padding": 8,
              }
            }
          >
            <Image
              source={
                Object {
                  "uri": "https://placeimg.com/125/125/arch",
                }
              }
              style={
                Object {
                  "borderColor": "transparent",
                  "borderWidth": 2,
                  "height": 125,
                  "opacity": 0.5,
                  "width": 125,
                }
              }
            />
            <Text
              style={
                Object {
                  "fontSize": 16,
                  "textAlign": "center",
                }
              }
            >
              Gene
            </Text>
          </View>
        </View>
        <View
          onLayout={[Function]}
          style={
            Array [
              Object {
                "flexDirection": "row",
              },
              null,
            ]
          }
        >
          <View
            accessible={true}
            collapsable={false}
            focusable={true}
            onClick={[Function]}
            onResponderGrant={[Function]}
            onResponderMove={[Function]}
            onResponderRelease={[Function]}
            onResponderTerminate={[Function]}
            onResponderTerminationRequest={[Function]}
            onStartShouldSetResponder={[Function]}
            style={
              Object {
                "flexDirection": "column",
                "opacity": 1,
                "padding": 8,
              }
            }
          >
            <Image
              source={
                Object {
                  "uri": "https://reactjs.org/logo-og.png",
                }
              }
              style={
                Object {
                  "borderColor": "transparent",
                  "borderWidth": 2,
                  "height": 125,
                  "opacity": 0.5,
                  "width": 125,
                }
              }
            />
            <Text
              style={
                Object {
                  "fontSize": 16,
                  "textAlign": "center",
                }
              }
            >
              Jose
            </Text>
          </View>
        </View>
        <View
          onLayout={[Function]}
          style={
            Array [
              Object {
                "flexDirection": "row",
              },
              null,
            ]
          }
        >
          <View
            accessible={true}
            collapsable={false}
            focusable={true}
            onClick={[Function]}
            onResponderGrant={[Function]}
            onResponderMove={[Function]}
            onResponderRelease={[Function]}
            onResponderTerminate={[Function]}
            onResponderTerminationRequest={[Function]}
            onStartShouldSetResponder={[Function]}
            style={
              Object {
                "flexDirection": "column",
                "opacity": 1,
                "padding": 8,
              }
            }
          >
            <Image
              source={
                Object {
                  "uri": "https://placeimg.com/125/125/animals",
                }
              }
              style={
                Object {
                  "borderColor": "transparent",
                  "borderWidth": 2,
                  "height": 125,
                  "opacity": 0.5,
                  "width": 125,
                }
              }
            />
            <Text
              style={
                Object {
                  "fontSize": 16,
                  "textAlign": "center",
                }
              }
            >
              Jon
            </Text>
          </View>
        </View>
        <View
          onLayout={[Function]}
          style={
            Array [
              Object {
                "flexDirection": "row",
              },
              null,
            ]
          }
        >
          <View
            accessible={true}
            collapsable={false}
            focusable={true}
            onClick={[Function]}
            onResponderGrant={[Function]}
            onResponderMove={[Function]}
            onResponderRelease={[Function]}
            onResponderTerminate={[Function]}
            onResponderTerminationRequest={[Function]}
            onStartShouldSetResponder={[Function]}
            style={
              Object {
                "flexDirection": "column",
                "opacity": 1,
                "padding": 8,
              }
            }
          >
            <Image
              source={
                Object {
                  "uri": "https://reactjs.org/logo-og.png",
                }
              }
              style={
                Object {
                  "borderColor": "transparent",
                  "borderWidth": 2,
                  "height": 125,
                  "opacity": 0.5,
                  "width": 125,
                }
              }
            />
            <Text
              style={
                Object {
                  "fontSize": 16,
                  "textAlign": "center",
                }
              }
            >
              Craig
            </Text>
          </View>
        </View>
        <View
          onLayout={[Function]}
          style={
            Array [
              Object {
                "flexDirection": "row",
              },
              null,
            ]
          }
        >
          <View
            accessible={true}
            collapsable={false}
            focusable={true}
            onClick={[Function]}
            onResponderGrant={[Function]}
            onResponderMove={[Function]}
            onResponderRelease={[Function]}
            onResponderTerminate={[Function]}
            onResponderTerminationRequest={[Function]}
            onStartShouldSetResponder={[Function]}
            style={
              Object {
                "flexDirection": "column",
                "opacity": 1,
                "padding": 8,
              }
            }
          >
            <Image
              source={
                Object {
                  "uri": "https://placeimg.com/125/125/people",
                }
              }
              style={
                Object {
                  "borderColor": "transparent",
                  "borderWidth": 2,
                  "height": 125,
                  "opacity": 0.5,
                  "width": 125,
                }
              }
            />
            <Text
              style={
                Object {
                  "fontSize": 16,
                  "textAlign": "center",
                }
              }
            >
              Sean
            </Text>
          </View>
        </View>
      </View>
    </RCTScrollView>
  </View>
</View>
`;
